TAP version 13
# (node:52963) ExperimentalWarning: Type Stripping is an experimental feature and might change at any time
# (Use `node --trace-warnings ...` to show where the warning was created)
# Subtest: reading-list rules (mirror backend)
    # Subtest: ownership gating
    ok 1 - ownership gating
      ---
      duration_ms: 0.402125
      ...
    # Subtest: query builder caps paging like the backend
    ok 2 - query builder caps paging like the backend
      ---
      duration_ms: 0.127166
      ...
    1..2
ok 1 - reading-list rules (mirror backend)
  ---
  duration_ms: 1.014834
  type: 'suite'
  ...
1..1
# tests 2
# suites 1
# pass 2
# fail 0
# cancelled 0
# skipped 0
# todo 0
# duration_ms 92.642
(node:52962) ExperimentalWarning: Type Stripping is an experimental feature and might change at any time
(Use `node --trace-warnings ...` to show where the warning was created)
