=== pg.sh lifecycle (exit 0) ===
waiting for server to start.... done
server started
waiting for server to shut down.... done
server stopped

=== postgres mvn 9/9 ===
[INFO] Scanning for projects...
[INFO] 
[INFO] --------------------------< lab:readingqueue >--------------------------
[INFO] Building readingqueue 1.0.0
[INFO]   from pom.xml
[INFO] --------------------------------[ jar ]---------------------------------
[INFO] 
[INFO] --- resources:3.4.0:resources (default-resources) @ readingqueue ---
[INFO] Copying 0 resource from src/main/resources to target/classes
[INFO] 
[INFO] --- compiler:3.15.0:compile (default-compile) @ readingqueue ---
[INFO] Nothing to compile - all classes are up to date.
[INFO] 
[INFO] --- resources:3.4.0:testResources (default-testResources) @ readingqueue ---
[INFO] skip non existing resourceDirectory /Users/manuvashistha/Developer/MANU_INTERNSHIP_OPPURTUNITIES/projects/builds/readingqueue/backend/src/test/resources
[INFO] 
[INFO] --- compiler:3.15.0:testCompile (default-testCompile) @ readingqueue ---
[INFO] Nothing to compile - all classes are up to date.
[INFO] 
[INFO] --- surefire:3.5.4:test (default-test) @ readingqueue ---
[INFO] Using auto detected provider org.apache.maven.surefire.junitplatform.JUnitPlatformProvider
[INFO] 
[INFO] -------------------------------------------------------
[INFO]  T E S T S
[INFO] -------------------------------------------------------
[INFO] Running queue.ApiTest
[INFO] Tests run: 3, Failures: 0, Errors: 0, Skipped: 0, Time elapsed: 1.878 s -- in queue.ApiTest
[INFO] Running queue.DbTest
[INFO] Tests run: 6, Failures: 0, Errors: 0, Skipped: 0, Time elapsed: 0.107 s -- in queue.DbTest
[INFO] 
[INFO] Results:
[INFO] 
[INFO] Tests run: 9, Failures: 0, Errors: 0, Skipped: 0
[INFO] 
[INFO] ------------------------------------------------------------------------
[INFO] BUILD SUCCESS
[INFO] ------------------------------------------------------------------------
[INFO] Total time:  2.884 s
[INFO] Finished at: 2026-10-10T03:17:36+01:00
[INFO] ------------------------------------------------------------------------

=== sqlserver mvn 9/9 ===
[INFO] Scanning for projects...
[INFO] 
[INFO] --------------------------< lab:readingqueue >--------------------------
[INFO] Building readingqueue 1.0.0
[INFO]   from pom.xml
[INFO] --------------------------------[ jar ]---------------------------------
[INFO] 
[INFO] --- resources:3.4.0:resources (default-resources) @ readingqueue ---
[INFO] Copying 0 resource from src/main/resources to target/classes
[INFO] 
[INFO] --- compiler:3.15.0:compile (default-compile) @ readingqueue ---
[INFO] Nothing to compile - all classes are up to date.
[INFO] 
[INFO] --- resources:3.4.0:testResources (default-testResources) @ readingqueue ---
[INFO] skip non existing resourceDirectory /Users/manuvashistha/Developer/MANU_INTERNSHIP_OPPURTUNITIES/projects/builds/readingqueue/backend/src/test/resources
[INFO] 
[INFO] --- compiler:3.15.0:testCompile (default-testCompile) @ readingqueue ---
[INFO] Nothing to compile - all classes are up to date.
[INFO] 
[INFO] --- surefire:3.5.4:test (default-test) @ readingqueue ---
[INFO] Using auto detected provider org.apache.maven.surefire.junitplatform.JUnitPlatformProvider
[INFO] 
[INFO] -------------------------------------------------------
[INFO]  T E S T S
[INFO] -------------------------------------------------------
[INFO] Running queue.ApiTest
[INFO] Tests run: 3, Failures: 0, Errors: 0, Skipped: 0, Time elapsed: 0.504 s -- in queue.ApiTest
[INFO] Running queue.DbTest
[INFO] Tests run: 6, Failures: 0, Errors: 0, Skipped: 0, Time elapsed: 0.276 s -- in queue.DbTest
[INFO] 
[INFO] Results:
[INFO] 
[INFO] Tests run: 9, Failures: 0, Errors: 0, Skipped: 0
[INFO] 
[INFO] ------------------------------------------------------------------------
[INFO] BUILD SUCCESS
[INFO] ------------------------------------------------------------------------
[INFO] Total time:  1.711 s
[INFO] Finished at: 2026-10-10T03:17:20+01:00
[INFO] ------------------------------------------------------------------------
